{"protocolVersion":"0.1.1","runnerVersion":null,"pid":8092,"type":"start","time":0}
{"suite":{"id":0,"platform":"vm","path":"C:/Users/quent/CascadeProjects/focus_wheel/test/providers/mood_journal_provider_test.dart"},"type":"suite","time":0}
{"test":{"id":1,"name":"loading C:/Users/quent/CascadeProjects/focus_wheel/test/providers/mood_journal_provider_test.dart","suiteID":0,"groupIDs":[],"metadata":{"skip":false,"skipReason":null},"line":null,"column":null,"url":null},"type":"testStart","time":1}
{"suite":{"id":2,"platform":"vm","path":"C:/Users/quent/CascadeProjects/focus_wheel/test/providers/reminder_provider_test.dart"},"type":"suite","time":5}
{"test":{"id":3,"name":"loading C:/Users/quent/CascadeProjects/focus_wheel/test/providers/reminder_provider_test.dart","suiteID":2,"groupIDs":[],"metadata":{"skip":false,"skipReason":null},"line":null,"column":null,"url":null},"type":"testStart","time":5}
{"suite":{"id":4,"platform":"vm","path":"C:/Users/quent/CascadeProjects/focus_wheel/test/providers/task_provider_test.dart"},"type":"suite","time":5}
{"test":{"id":5,"name":"loading C:/Users/quent/CascadeProjects/focus_wheel/test/providers/task_provider_test.dart","suiteID":4,"groupIDs":[],"metadata":{"skip":false,"skipReason":null},"line":null,"column":null,"url":null},"type":"testStart","time":5}
{"suite":{"id":6,"platform":"vm","path":"C:/Users/quent/CascadeProjects/focus_wheel/test/providers/timer_session_provider_test.dart"},"type":"suite","time":6}
{"test":{"id":7,"name":"loading C:/Users/quent/CascadeProjects/focus_wheel/test/providers/timer_session_provider_test.dart","suiteID":6,"groupIDs":[],"metadata":{"skip":false,"skipReason":null},"line":null,"column":null,"url":null},"type":"testStart","time":6}
{"suite":{"id":8,"platform":"vm","path":"C:/Users/quent/CascadeProjects/focus_wheel/test/unit/services_test.dart"},"type":"suite","time":6}
{"test":{"id":9,"name":"loading C:/Users/quent/CascadeProjects/focus_wheel/test/unit/services_test.dart","suiteID":8,"groupIDs":[],"metadata":{"skip":false,"skipReason":null},"line":null,"column":null,"url":null},"type":"testStart","time":6}
{"suite":{"id":10,"platform":"vm","path":"C:/Users/quent/CascadeProjects/focus_wheel/test/widget/agenda_screen_test.dart"},"type":"suite","time":6}
{"test":{"id":11,"name":"loading C:/Users/quent/CascadeProjects/focus_wheel/test/widget/agenda_screen_test.dart","suiteID":10,"groupIDs":[],"metadata":{"skip":false,"skipReason":null},"line":null,"column":null,"url":null},"type":"testStart","time":6}
{"suite":{"id":12,"platform":"vm","path":"C:/Users/quent/CascadeProjects/focus_wheel/test/widget_test.dart"},"type":"suite","time":7}
{"test":{"id":13,"name":"loading C:/Users/quent/CascadeProjects/focus_wheel/test/widget_test.dart","suiteID":12,"groupIDs":[],"metadata":{"skip":false,"skipReason":null},"line":null,"column":null,"url":null},"type":"testStart","time":7}
{"count":7,"time":7,"type":"allSuites"}

[{"event":"test.startedProcess","params":{"vmServiceUri":null,"observatoryUri":null}}]

[{"event":"test.startedProcess","params":{"vmServiceUri":null,"observatoryUri":null}}]
{"testID":1,"result":"success","skipped":false,"hidden":true,"type":"testDone","time":3383}
{"group":{"id":14,"suiteID":0,"parentID":null,"name":"","metadata":{"skip":false,"skipReason":null},"testCount":3,"line":null,"column":null,"url":null},"type":"group","time":3386}
{"group":{"id":15,"suiteID":0,"parentID":14,"name":"MoodJournalNotifier","metadata":{"skip":false,"skipReason":null},"testCount":3,"line":9,"column":3,"url":"file:///C:/Users/quent/CascadeProjects/focus_wheel/test/providers/mood_journal_provider_test.dart"},"type":"group","time":3386}
{"test":{"id":16,"name":"MoodJournalNotifier initial state is box.values","suiteID":0,"groupIDs":[14,15],"metadata":{"skip":false,"skipReason":null},"line":21,"column":5,"url":"file:///C:/Users/quent/CascadeProjects/focus_wheel/test/providers/mood_journal_provider_test.dart"},"type":"testStart","time":3386}
{"testID":16,"result":"success","skipped":false,"hidden":false,"type":"testDone","time":3414}
{"test":{"id":17,"name":"MoodJournalNotifier addMood adds and updates state","suiteID":0,"groupIDs":[14,15],"metadata":{"skip":false,"skipReason":null},"line":25,"column":5,"url":"file:///C:/Users/quent/CascadeProjects/focus_wheel/test/providers/mood_journal_provider_test.dart"},"type":"testStart","time":3414}
{"testID":17,"result":"success","skipped":false,"hidden":false,"type":"testDone","time":3419}
{"test":{"id":18,"name":"MoodJournalNotifier deleteMood deletes and updates state","suiteID":0,"groupIDs":[14,15],"metadata":{"skip":false,"skipReason":null},"line":31,"column":5,"url":"file:///C:/Users/quent/CascadeProjects/focus_wheel/test/providers/mood_journal_provider_test.dart"},"type":"testStart","time":3419}
{"testID":18,"result":"success","skipped":false,"hidden":false,"type":"testDone","time":3422}
{"testID":3,"result":"success","skipped":false,"hidden":true,"type":"testDone","time":3831}
{"group":{"id":19,"suiteID":2,"parentID":null,"name":"","metadata":{"skip":false,"skipReason":null},"testCount":3,"line":null,"column":null,"url":null},"type":"group","time":3832}
{"group":{"id":20,"suiteID":2,"parentID":19,"name":"RemindersNotifier","metadata":{"skip":false,"skipReason":null},"testCount":3,"line":10,"column":3,"url":"file:///C:/Users/quent/CascadeProjects/focus_wheel/test/providers/reminder_provider_test.dart"},"type":"group","time":3832}
{"test":{"id":21,"name":"RemindersNotifier initial state is box.values","suiteID":2,"groupIDs":[19,20],"metadata":{"skip":false,"skipReason":null},"line":23,"column":5,"url":"file:///C:/Users/quent/CascadeProjects/focus_wheel/test/providers/reminder_provider_test.dart"},"type":"testStart","time":3832}
{"testID":21,"result":"success","skipped":false,"hidden":false,"type":"testDone","time":3853}
{"test":{"id":22,"name":"RemindersNotifier addReminder adds and updates state","suiteID":2,"groupIDs":[19,20],"metadata":{"skip":false,"skipReason":null},"line":27,"column":5,"url":"file:///C:/Users/quent/CascadeProjects/focus_wheel/test/providers/reminder_provider_test.dart"},"type":"testStart","time":3853}
{"testID":22,"result":"success","skipped":false,"hidden":false,"type":"testDone","time":3861}
{"test":{"id":23,"name":"RemindersNotifier deleteReminder deletes and updates state","suiteID":2,"groupIDs":[19,20],"metadata":{"skip":false,"skipReason":null},"line":42,"column":5,"url":"file:///C:/Users/quent/CascadeProjects/focus_wheel/test/providers/reminder_provider_test.dart"},"type":"testStart","time":3861}
{"testID":23,"result":"success","skipped":false,"hidden":false,"type":"testDone","time":3864}

[{"event":"test.startedProcess","params":{"vmServiceUri":null,"observatoryUri":null}}]

[{"event":"test.startedProcess","params":{"vmServiceUri":null,"observatoryUri":null}}]
{"testID":5,"result":"success","skipped":false,"hidden":true,"type":"testDone","time":4420}
{"group":{"id":24,"suiteID":4,"parentID":null,"name":"","metadata":{"skip":false,"skipReason":null},"testCount":3,"line":null,"column":null,"url":null},"type":"group","time":4420}
{"group":{"id":25,"suiteID":4,"parentID":24,"name":"TasksNotifier","metadata":{"skip":false,"skipReason":null},"testCount":3,"line":9,"column":3,"url":"file:///C:/Users/quent/CascadeProjects/focus_wheel/test/providers/task_provider_test.dart"},"type":"group","time":4421}
{"test":{"id":26,"name":"TasksNotifier initial state is box.values","suiteID":4,"groupIDs":[24,25],"metadata":{"skip":false,"skipReason":null},"line":21,"column":5,"url":"file:///C:/Users/quent/CascadeProjects/focus_wheel/test/providers/task_provider_test.dart"},"type":"testStart","time":4421}
{"testID":26,"result":"success","skipped":false,"hidden":false,"type":"testDone","time":4444}
{"test":{"id":27,"name":"TasksNotifier addTask adds and updates state","suiteID":4,"groupIDs":[24,25],"metadata":{"skip":false,"skipReason":null},"line":25,"column":5,"url":"file:///C:/Users/quent/CascadeProjects/focus_wheel/test/providers/task_provider_test.dart"},"type":"testStart","time":4445}
{"testID":27,"result":"success","skipped":false,"hidden":false,"type":"testDone","time":4453}
{"test":{"id":28,"name":"TasksNotifier moveTask updates status","suiteID":4,"groupIDs":[24,25],"metadata":{"skip":false,"skipReason":null},"line":39,"column":5,"url":"file:///C:/Users/quent/CascadeProjects/focus_wheel/test/providers/task_provider_test.dart"},"type":"testStart","time":4453}
{"testID":28,"result":"success","skipped":false,"hidden":false,"type":"testDone","time":4456}
{"testID":7,"result":"success","skipped":false,"hidden":true,"type":"testDone","time":4825}
{"group":{"id":29,"suiteID":6,"parentID":null,"name":"","metadata":{"skip":false,"skipReason":null},"testCount":4,"line":null,"column":null,"url":null},"type":"group","time":4826}
{"group":{"id":30,"suiteID":6,"parentID":29,"name":"TimerSessionsNotifier","metadata":{"skip":false,"skipReason":null},"testCount":4,"line":10,"column":3,"url":"file:///C:/Users/quent/CascadeProjects/focus_wheel/test/providers/timer_session_provider_test.dart"},"type":"group","time":4826}
{"test":{"id":31,"name":"TimerSessionsNotifier initial state is box.values","suiteID":6,"groupIDs":[29,30],"metadata":{"skip":false,"skipReason":null},"line":11,"column":5,"url":"file:///C:/Users/quent/CascadeProjects/focus_wheel/test/providers/timer_session_provider_test.dart"},"type":"testStart","time":4826}
{"testID":31,"result":"success","skipped":false,"hidden":false,"type":"testDone","time":4849}
{"test":{"id":32,"name":"TimerSessionsNotifier addSession adds a session and updates state","suiteID":6,"groupIDs":[29,30],"metadata":{"skip":false,"skipReason":null},"line":17,"column":5,"url":"file:///C:/Users/quent/CascadeProjects/focus_wheel/test/providers/timer_session_provider_test.dart"},"type":"testStart","time":4849}
{"testID":32,"result":"success","skipped":false,"hidden":false,"type":"testDone","time":4854}
{"test":{"id":33,"name":"TimerSessionsNotifier totalSessions returns correct count","suiteID":6,"groupIDs":[29,30],"metadata":{"skip":false,"skipReason":null},"line":30,"column":5,"url":"file:///C:/Users/quent/CascadeProjects/focus_wheel/test/providers/timer_session_provider_test.dart"},"type":"testStart","time":4854}
{"testID":33,"result":"success","skipped":false,"hidden":false,"type":"testDone","time":4856}
{"test":{"id":34,"name":"TimerSessionsNotifier totalMinutes returns correct sum","suiteID":6,"groupIDs":[29,30],"metadata":{"skip":false,"skipReason":null},"line":42,"column":5,"url":"file:///C:/Users/quent/CascadeProjects/focus_wheel/test/providers/timer_session_provider_test.dart"},"type":"testStart","time":4856}
{"testID":34,"result":"success","skipped":false,"hidden":false,"type":"testDone","time":4859}

[{"event":"test.startedProcess","params":{"vmServiceUri":null,"observatoryUri":null}}]

[{"event":"test.startedProcess","params":{"vmServiceUri":null,"observatoryUri":null}}]
{"testID":9,"result":"success","skipped":false,"hidden":true,"type":"testDone","time":6479}
{"group":{"id":35,"suiteID":8,"parentID":null,"name":"","metadata":{"skip":false,"skipReason":null},"testCount":1,"line":null,"column":null,"url":null},"type":"group","time":6479}
{"test":{"id":36,"name":"HiveService initSecure does not throw","suiteID":8,"groupIDs":[35],"metadata":{"skip":false,"skipReason":null},"line":16,"column":3,"url":"file:///C:/Users/quent/CascadeProjects/focus_wheel/test/unit/services_test.dart"},"type":"testStart","time":6479}
{"testID":36,"result":"success","skipped":false,"hidden":false,"type":"testDone","time":6555}
{"testID":13,"error":"Failed to load \"C:/Users/quent/CascadeProjects/focus_wheel/test/widget_test.dart\":\nCompilation failed for testPath=C:/Users/quent/CascadeProjects/focus_wheel/test/widget_test.dart: ../../AppData/Local/Temp/flutter_tools.f03ab43b/flutter_test_listener.e1005632/listener.dart:21:21: Error: Undefined name 'main'.\n  await Future(test.main);\n                    ^^^^\n.","stackTrace":"","isFailure":false,"type":"error","time":6831}
{"testID":13,"result":"error","skipped":false,"hidden":false,"type":"testDone","time":6832}
{"testID":11,"result":"success","skipped":false,"hidden":true,"type":"testDone","time":6915}
{"group":{"id":37,"suiteID":10,"parentID":null,"name":"","metadata":{"skip":false,"skipReason":null},"testCount":1,"line":null,"column":null,"url":null},"type":"group","time":6916}
{"test":{"id":38,"name":"AgendaScreen renders","suiteID":10,"groupIDs":[37],"metadata":{"skip":false,"skipReason":null},"line":175,"column":5,"url":"package:flutter_test/src/widget_tester.dart","root_line":7,"root_column":3,"root_url":"file:///C:/Users/quent/CascadeProjects/focus_wheel/test/widget/agenda_screen_test.dart"},"type":"testStart","time":6916}
{"testID":38,"result":"success","skipped":false,"hidden":false,"type":"testDone","time":7434}
{"success":false,"type":"done","time":7455}
